Starting Meta Sync Test...
Testing with User: 07a6511d-2309-4629-bf9e-939fa6864cec, Company: 839e33e6-307b-4100-b9c3-b21e17a89295

--- Testing MetaService.getConnectedPages ---
[MetaSync] No Facebook OAuth account or token found, checking manual fallbacks.
Has Account Entry: false
Pages Found: 0

--- Testing MetaSyncService.syncAllConversations ---
[MetaSync] Starting sync for user 07a6511d-2309-4629-bf9e-939fa6864cec in company 839e33e6-307b-4100-b9c3-b21e17a89295
[MetaSync] No Facebook OAuth account or token found, checking manual fallbacks.
Sync Result: {
  "success": false,
  "error": "No Meta account connected for this workspace. Please connect Facebook in Settings > Integrations."
}
