actions/contact.ts(49,13): error TS2353: Object literal may only specify known properties, and 'source' does not exist in type 'CreateLeadInput'.
